Archive member included to satisfy reference by file (symbol)

c:/gcc-arm-none-eabi/bin/../lib/gcc/arm-none-eabi/4.9.3/thumb\libgcc.a(_arm_addsubsf3.o)
                              Src/StringsConv.o (__aeabi_fsub)
c:/gcc-arm-none-eabi/bin/../lib/gcc/arm-none-eabi/4.9.3/thumb\libgcc.a(_arm_muldivsf3.o)
                              Src/StringsConv.o (__aeabi_fmul)
c:/gcc-arm-none-eabi/bin/../lib/gcc/arm-none-eabi/4.9.3/thumb\libgcc.a(_arm_fixunssfsi.o)
                              Src/StringsConv.o (__aeabi_f2uiz)
c:/gcc-arm-none-eabi/bin/../lib/gcc/arm-none-eabi/4.9.3/../../../../arm-none-eabi/lib/thumb\libc.a(lib_a-exit.o)
                              c:/gcc-arm-none-eabi/bin/../lib/gcc/arm-none-eabi/4.9.3/../../../../arm-none-eabi/lib/thumb/crt0.o (exit)
c:/gcc-arm-none-eabi/bin/../lib/gcc/arm-none-eabi/4.9.3/../../../../arm-none-eabi/lib/thumb\libc.a(lib_a-impure.o)
                              c:/gcc-arm-none-eabi/bin/../lib/gcc/arm-none-eabi/4.9.3/../../../../arm-none-eabi/lib/thumb\libc.a(lib_a-exit.o) (_global_impure_ptr)
c:/gcc-arm-none-eabi/bin/../lib/gcc/arm-none-eabi/4.9.3/../../../../arm-none-eabi/lib/thumb\libc.a(lib_a-init.o)
                              c:/gcc-arm-none-eabi/bin/../lib/gcc/arm-none-eabi/4.9.3/../../../../arm-none-eabi/lib/thumb/crt0.o (__libc_init_array)
c:/gcc-arm-none-eabi/bin/../lib/gcc/arm-none-eabi/4.9.3/../../../../arm-none-eabi/lib/thumb\libc.a(lib_a-memset.o)
                              c:/gcc-arm-none-eabi/bin/../lib/gcc/arm-none-eabi/4.9.3/../../../../arm-none-eabi/lib/thumb/crt0.o (memset)
c:/gcc-arm-none-eabi/bin/../lib/gcc/arm-none-eabi/4.9.3/../../../../arm-none-eabi/lib/thumb\libc.a(lib_a-__call_atexit.o)
                              c:/gcc-arm-none-eabi/bin/../lib/gcc/arm-none-eabi/4.9.3/../../../../arm-none-eabi/lib/thumb\libc.a(lib_a-exit.o) (__call_exitprocs)

Allocating common symbols
Common symbol       size              file

lcd_buffer          0x2a0             Src/Lcd3310.o
str_tab             0x30              Src/StringsConv.o

Discarded input sections

 .text          0x00000000        0x0 c:/gcc-arm-none-eabi/bin/../lib/gcc/arm-none-eabi/4.9.3/thumb/crti.o
 .data          0x00000000        0x0 c:/gcc-arm-none-eabi/bin/../lib/gcc/arm-none-eabi/4.9.3/thumb/crti.o
 .bss           0x00000000        0x0 c:/gcc-arm-none-eabi/bin/../lib/gcc/arm-none-eabi/4.9.3/thumb/crti.o
 .init          0x00000000        0x4 c:/gcc-arm-none-eabi/bin/../lib/gcc/arm-none-eabi/4.9.3/thumb/crti.o
 .fini          0x00000000        0x4 c:/gcc-arm-none-eabi/bin/../lib/gcc/arm-none-eabi/4.9.3/thumb/crti.o
 .ARM.attributes
                0x00000000       0x16 c:/gcc-arm-none-eabi/bin/../lib/gcc/arm-none-eabi/4.9.3/thumb/crti.o
 .text          0x00000000       0x70 c:/gcc-arm-none-eabi/bin/../lib/gcc/arm-none-eabi/4.9.3/thumb/crtbegin.o
 .data          0x00000000        0x4 c:/gcc-arm-none-eabi/bin/../lib/gcc/arm-none-eabi/4.9.3/thumb/crtbegin.o
 .bss           0x00000000       0x1c c:/gcc-arm-none-eabi/bin/../lib/gcc/arm-none-eabi/4.9.3/thumb/crtbegin.o
 .init_array    0x00000000        0x4 c:/gcc-arm-none-eabi/bin/../lib/gcc/arm-none-eabi/4.9.3/thumb/crtbegin.o
 .fini_array    0x00000000        0x4 c:/gcc-arm-none-eabi/bin/../lib/gcc/arm-none-eabi/4.9.3/thumb/crtbegin.o
 .eh_frame      0x00000000        0x0 c:/gcc-arm-none-eabi/bin/../lib/gcc/arm-none-eabi/4.9.3/thumb/crtbegin.o
 .jcr           0x00000000        0x0 c:/gcc-arm-none-eabi/bin/../lib/gcc/arm-none-eabi/4.9.3/thumb/crtbegin.o
 .comment       0x00000000       0x6b c:/gcc-arm-none-eabi/bin/../lib/gcc/arm-none-eabi/4.9.3/thumb/crtbegin.o
 .ARM.attributes
                0x00000000       0x30 c:/gcc-arm-none-eabi/bin/../lib/gcc/arm-none-eabi/4.9.3/thumb/crtbegin.o
 .text          0x00000000       0xfc c:/gcc-arm-none-eabi/bin/../lib/gcc/arm-none-eabi/4.9.3/../../../../arm-none-eabi/lib/thumb/crt0.o
 .data          0x00000000        0x0 c:/gcc-arm-none-eabi/bin/../lib/gcc/arm-none-eabi/4.9.3/../../../../arm-none-eabi/lib/thumb/crt0.o
 .bss           0x00000000        0x0 c:/gcc-arm-none-eabi/bin/../lib/gcc/arm-none-eabi/4.9.3/../../../../arm-none-eabi/lib/thumb/crt0.o
 .ARM.extab     0x00000000        0x0 c:/gcc-arm-none-eabi/bin/../lib/gcc/arm-none-eabi/4.9.3/../../../../arm-none-eabi/lib/thumb/crt0.o
 .ARM.exidx     0x00000000        0x8 c:/gcc-arm-none-eabi/bin/../lib/gcc/arm-none-eabi/4.9.3/../../../../arm-none-eabi/lib/thumb/crt0.o
 .debug_line    0x00000000       0xbd c:/gcc-arm-none-eabi/bin/../lib/gcc/arm-none-eabi/4.9.3/../../../../arm-none-eabi/lib/thumb/crt0.o
 .debug_info    0x00000000       0xce c:/gcc-arm-none-eabi/bin/../lib/gcc/arm-none-eabi/4.9.3/../../../../arm-none-eabi/lib/thumb/crt0.o
 .debug_abbrev  0x00000000       0x14 c:/gcc-arm-none-eabi/bin/../lib/gcc/arm-none-eabi/4.9.3/../../../../arm-none-eabi/lib/thumb/crt0.o
 .debug_aranges
                0x00000000       0x20 c:/gcc-arm-none-eabi/bin/../lib/gcc/arm-none-eabi/4.9.3/../../../../arm-none-eabi/lib/thumb/crt0.o
 .ARM.attributes
                0x00000000       0x1a c:/gcc-arm-none-eabi/bin/../lib/gcc/arm-none-eabi/4.9.3/../../../../arm-none-eabi/lib/thumb/crt0.o
 .data          0x00000000        0x0 Src/main.o
 .bss           0x00000000        0x0 Src/main.o
 .data          0x00000000        0x0 Src/stm32f10x_it.o
 .bss           0x00000000        0x0 Src/stm32f10x_it.o
 .data          0x00000000        0x0 Src/Stm32l_level.o
 .bss           0x00000000        0x0 Src/Stm32l_level.o
 .data          0x00000000        0x0 Src/Lcd3310.o
 .data          0x00000000        0x0 Src/StringsConv.o
 .bss           0x00000000        0x0 Src/StringsConv.o
 .data          0x00000000        0x0 STLibrary/src/stm32f10x_vector.o
 .bss           0x00000000        0x0 STLibrary/src/stm32f10x_vector.o
 .data          0x00000000        0x0 c:/gcc-arm-none-eabi/bin/../lib/gcc/arm-none-eabi/4.9.3/thumb\libgcc.a(_arm_addsubsf3.o)
 .bss           0x00000000        0x0 c:/gcc-arm-none-eabi/bin/../lib/gcc/arm-none-eabi/4.9.3/thumb\libgcc.a(_arm_addsubsf3.o)
 .data          0x00000000        0x0 c:/gcc-arm-none-eabi/bin/../lib/gcc/arm-none-eabi/4.9.3/thumb\libgcc.a(_arm_muldivsf3.o)
 .bss           0x00000000        0x0 c:/gcc-arm-none-eabi/bin/../lib/gcc/arm-none-eabi/4.9.3/thumb\libgcc.a(_arm_muldivsf3.o)
 .data          0x00000000        0x0 c:/gcc-arm-none-eabi/bin/../lib/gcc/arm-none-eabi/4.9.3/thumb\libgcc.a(_arm_fixunssfsi.o)
 .bss           0x00000000        0x0 c:/gcc-arm-none-eabi/bin/../lib/gcc/arm-none-eabi/4.9.3/thumb\libgcc.a(_arm_fixunssfsi.o)
 .text          0x00000000        0x0 c:/gcc-arm-none-eabi/bin/../lib/gcc/arm-none-eabi/4.9.3/../../../../arm-none-eabi/lib/thumb\libc.a(lib_a-exit.o)
 .data          0x00000000        0x0 c:/gcc-arm-none-eabi/bin/../lib/gcc/arm-none-eabi/4.9.3/../../../../arm-none-eabi/lib/thumb\libc.a(lib_a-exit.o)
 .bss           0x00000000        0x0 c:/gcc-arm-none-eabi/bin/../lib/gcc/arm-none-eabi/4.9.3/../../../../arm-none-eabi/lib/thumb\libc.a(lib_a-exit.o)
 .text.exit     0x00000000       0x28 c:/gcc-arm-none-eabi/bin/../lib/gcc/arm-none-eabi/4.9.3/../../../../arm-none-eabi/lib/thumb\libc.a(lib_a-exit.o)
 .debug_info    0x00000000      0x78c c:/gcc-arm-none-eabi/bin/../lib/gcc/arm-none-eabi/4.9.3/../../../../arm-none-eabi/lib/thumb\libc.a(lib_a-exit.o)
 .debug_abbrev  0x00000000      0x189 c:/gcc-arm-none-eabi/bin/../lib/gcc/arm-none-eabi/4.9.3/../../../../arm-none-eabi/lib/thumb\libc.a(lib_a-exit.o)
 .debug_loc     0x00000000       0x1e c:/gcc-arm-none-eabi/bin/../lib/gcc/arm-none-eabi/4.9.3/../../../../arm-none-eabi/lib/thumb\libc.a(lib_a-exit.o)
 .debug_aranges
                0x00000000       0x20 c:/gcc-arm-none-eabi/bin/../lib/gcc/arm-none-eabi/4.9.3/../../../../arm-none-eabi/lib/thumb\libc.a(lib_a-exit.o)
 .debug_ranges  0x00000000       0x10 c:/gcc-arm-none-eabi/bin/../lib/gcc/arm-none-eabi/4.9.3/../../../../arm-none-eabi/lib/thumb\libc.a(lib_a-exit.o)
 .debug_line    0x00000000      0x182 c:/gcc-arm-none-eabi/bin/../lib/gcc/arm-none-eabi/4.9.3/../../../../arm-none-eabi/lib/thumb\libc.a(lib_a-exit.o)
 .debug_str     0x00000000      0x4c9 c:/gcc-arm-none-eabi/bin/../lib/gcc/arm-none-eabi/4.9.3/../../../../arm-none-eabi/lib/thumb\libc.a(lib_a-exit.o)
 .comment       0x00000000       0x6b c:/gcc-arm-none-eabi/bin/../lib/gcc/arm-none-eabi/4.9.3/../../../../arm-none-eabi/lib/thumb\libc.a(lib_a-exit.o)
 .debug_frame   0x00000000       0x28 c:/gcc-arm-none-eabi/bin/../lib/gcc/arm-none-eabi/4.9.3/../../../../arm-none-eabi/lib/thumb\libc.a(lib_a-exit.o)
 .ARM.attributes
                0x00000000       0x30 c:/gcc-arm-none-eabi/bin/../lib/gcc/arm-none-eabi/4.9.3/../../../../arm-none-eabi/lib/thumb\libc.a(lib_a-exit.o)
 .text          0x00000000        0x0 c:/gcc-arm-none-eabi/bin/../lib/gcc/arm-none-eabi/4.9.3/../../../../arm-none-eabi/lib/thumb\libc.a(lib_a-impure.o)
 .data          0x00000000        0x0 c:/gcc-arm-none-eabi/bin/../lib/gcc/arm-none-eabi/4.9.3/../../../../arm-none-eabi/lib/thumb\libc.a(lib_a-impure.o)
 .bss           0x00000000        0x0 c:/gcc-arm-none-eabi/bin/../lib/gcc/arm-none-eabi/4.9.3/../../../../arm-none-eabi/lib/thumb\libc.a(lib_a-impure.o)
 .data.impure_data
                0x00000000       0x60 c:/gcc-arm-none-eabi/bin/../lib/gcc/arm-none-eabi/4.9.3/../../../../arm-none-eabi/lib/thumb\libc.a(lib_a-impure.o)
 .data._impure_ptr
                0x00000000        0x4 c:/gcc-arm-none-eabi/bin/../lib/gcc/arm-none-eabi/4.9.3/../../../../arm-none-eabi/lib/thumb\libc.a(lib_a-impure.o)
 .rodata.str1.4
                0x00000000        0x4 c:/gcc-arm-none-eabi/bin/../lib/gcc/arm-none-eabi/4.9.3/../../../../arm-none-eabi/lib/thumb\libc.a(lib_a-impure.o)
 .rodata._global_impure_ptr
                0x00000000        0x4 c:/gcc-arm-none-eabi/bin/../lib/gcc/arm-none-eabi/4.9.3/../../../../arm-none-eabi/lib/thumb\libc.a(lib_a-impure.o)
 .debug_info    0x00000000      0x7cf c:/gcc-arm-none-eabi/bin/../lib/gcc/arm-none-eabi/4.9.3/../../../../arm-none-eabi/lib/thumb\libc.a(lib_a-impure.o)
 .debug_abbrev  0x00000000      0x134 c:/gcc-arm-none-eabi/bin/../lib/gcc/arm-none-eabi/4.9.3/../../../../arm-none-eabi/lib/thumb\libc.a(lib_a-impure.o)
 .debug_aranges
                0x00000000       0x18 c:/gcc-arm-none-eabi/bin/../lib/gcc/arm-none-eabi/4.9.3/../../../../arm-none-eabi/lib/thumb\libc.a(lib_a-impure.o)
 .debug_line    0x00000000      0x11f c:/gcc-arm-none-eabi/bin/../lib/gcc/arm-none-eabi/4.9.3/../../../../arm-none-eabi/lib/thumb\libc.a(lib_a-impure.o)
 .debug_str     0x00000000      0x500 c:/gcc-arm-none-eabi/bin/../lib/gcc/arm-none-eabi/4.9.3/../../../../arm-none-eabi/lib/thumb\libc.a(lib_a-impure.o)
 .comment       0x00000000       0x6b c:/gcc-arm-none-eabi/bin/../lib/gcc/arm-none-eabi/4.9.3/../../../../arm-none-eabi/lib/thumb\libc.a(lib_a-impure.o)
 .ARM.attributes
                0x00000000       0x30 c:/gcc-arm-none-eabi/bin/../lib/gcc/arm-none-eabi/4.9.3/../../../../arm-none-eabi/lib/thumb\libc.a(lib_a-impure.o)
 .text          0x00000000        0x0 c:/gcc-arm-none-eabi/bin/../lib/gcc/arm-none-eabi/4.9.3/../../../../arm-none-eabi/lib/thumb\libc.a(lib_a-init.o)
 .data          0x00000000        0x0 c:/gcc-arm-none-eabi/bin/../lib/gcc/arm-none-eabi/4.9.3/../../../../arm-none-eabi/lib/thumb\libc.a(lib_a-init.o)
 .bss           0x00000000        0x0 c:/gcc-arm-none-eabi/bin/../lib/gcc/arm-none-eabi/4.9.3/../../../../arm-none-eabi/lib/thumb\libc.a(lib_a-init.o)
 .text.__libc_init_array
                0x00000000       0x58 c:/gcc-arm-none-eabi/bin/../lib/gcc/arm-none-eabi/4.9.3/../../../../arm-none-eabi/lib/thumb\libc.a(lib_a-init.o)
 .debug_info    0x00000000      0x101 c:/gcc-arm-none-eabi/bin/../lib/gcc/arm-none-eabi/4.9.3/../../../../arm-none-eabi/lib/thumb\libc.a(lib_a-init.o)
 .debug_abbrev  0x00000000       0xb8 c:/gcc-arm-none-eabi/bin/../lib/gcc/arm-none-eabi/4.9.3/../../../../arm-none-eabi/lib/thumb\libc.a(lib_a-init.o)
 .debug_loc     0x00000000       0x84 c:/gcc-arm-none-eabi/bin/../lib/gcc/arm-none-eabi/4.9.3/../../../../arm-none-eabi/lib/thumb\libc.a(lib_a-init.o)
 .debug_aranges
                0x00000000       0x20 c:/gcc-arm-none-eabi/bin/../lib/gcc/arm-none-eabi/4.9.3/../../../../arm-none-eabi/lib/thumb\libc.a(lib_a-init.o)
 .debug_ranges  0x00000000       0x10 c:/gcc-arm-none-eabi/bin/../lib/gcc/arm-none-eabi/4.9.3/../../../../arm-none-eabi/lib/thumb\libc.a(lib_a-init.o)
 .debug_line    0x00000000      0x10b c:/gcc-arm-none-eabi/bin/../lib/gcc/arm-none-eabi/4.9.3/../../../../arm-none-eabi/lib/thumb\libc.a(lib_a-init.o)
 .debug_str     0x00000000      0x1b8 c:/gcc-arm-none-eabi/bin/../lib/gcc/arm-none-eabi/4.9.3/../../../../arm-none-eabi/lib/thumb\libc.a(lib_a-init.o)
 .comment       0x00000000       0x6b c:/gcc-arm-none-eabi/bin/../lib/gcc/arm-none-eabi/4.9.3/../../../../arm-none-eabi/lib/thumb\libc.a(lib_a-init.o)
 .debug_frame   0x00000000       0x2c c:/gcc-arm-none-eabi/bin/../lib/gcc/arm-none-eabi/4.9.3/../../../../arm-none-eabi/lib/thumb\libc.a(lib_a-init.o)
 .ARM.attributes
                0x00000000       0x30 c:/gcc-arm-none-eabi/bin/../lib/gcc/arm-none-eabi/4.9.3/../../../../arm-none-eabi/lib/thumb\libc.a(lib_a-init.o)
 .text          0x00000000        0x0 c:/gcc-arm-none-eabi/bin/../lib/gcc/arm-none-eabi/4.9.3/../../../../arm-none-eabi/lib/thumb\libc.a(lib_a-memset.o)
 .data          0x00000000        0x0 c:/gcc-arm-none-eabi/bin/../lib/gcc/arm-none-eabi/4.9.3/../../../../arm-none-eabi/lib/thumb\libc.a(lib_a-memset.o)
 .bss           0x00000000        0x0 c:/gcc-arm-none-eabi/bin/../lib/gcc/arm-none-eabi/4.9.3/../../../../arm-none-eabi/lib/thumb\libc.a(lib_a-memset.o)
 .text.memset   0x00000000       0x94 c:/gcc-arm-none-eabi/bin/../lib/gcc/arm-none-eabi/4.9.3/../../../../arm-none-eabi/lib/thumb\libc.a(lib_a-memset.o)
 .debug_info    0x00000000      0x113 c:/gcc-arm-none-eabi/bin/../lib/gcc/arm-none-eabi/4.9.3/../../../../arm-none-eabi/lib/thumb\libc.a(lib_a-memset.o)
 .debug_abbrev  0x00000000       0x9d c:/gcc-arm-none-eabi/bin/../lib/gcc/arm-none-eabi/4.9.3/../../../../arm-none-eabi/lib/thumb\libc.a(lib_a-memset.o)
 .debug_loc     0x00000000      0x1d0 c:/gcc-arm-none-eabi/bin/../lib/gcc/arm-none-eabi/4.9.3/../../../../arm-none-eabi/lib/thumb\libc.a(lib_a-memset.o)
 .debug_aranges
                0x00000000       0x20 c:/gcc-arm-none-eabi/bin/../lib/gcc/arm-none-eabi/4.9.3/../../../../arm-none-eabi/lib/thumb\libc.a(lib_a-memset.o)
 .debug_ranges  0x00000000       0x10 c:/gcc-arm-none-eabi/bin/../lib/gcc/arm-none-eabi/4.9.3/../../../../arm-none-eabi/lib/thumb\libc.a(lib_a-memset.o)
 .debug_line    0x00000000      0x13d c:/gcc-arm-none-eabi/bin/../lib/gcc/arm-none-eabi/4.9.3/../../../../arm-none-eabi/lib/thumb\libc.a(lib_a-memset.o)
 .debug_str     0x00000000      0x16b c:/gcc-arm-none-eabi/bin/../lib/gcc/arm-none-eabi/4.9.3/../../../../arm-none-eabi/lib/thumb\libc.a(lib_a-memset.o)
 .comment       0x00000000       0x6b c:/gcc-arm-none-eabi/bin/../lib/gcc/arm-none-eabi/4.9.3/../../../../arm-none-eabi/lib/thumb\libc.a(lib_a-memset.o)
 .debug_frame   0x00000000       0x2c c:/gcc-arm-none-eabi/bin/../lib/gcc/arm-none-eabi/4.9.3/../../../../arm-none-eabi/lib/thumb\libc.a(lib_a-memset.o)
 .ARM.attributes
                0x00000000       0x30 c:/gcc-arm-none-eabi/bin/../lib/gcc/arm-none-eabi/4.9.3/../../../../arm-none-eabi/lib/thumb\libc.a(lib_a-memset.o)
 .text          0x00000000        0x0 c:/gcc-arm-none-eabi/bin/../lib/gcc/arm-none-eabi/4.9.3/../../../../arm-none-eabi/lib/thumb\libc.a(lib_a-__call_atexit.o)
 .data          0x00000000        0x0 c:/gcc-arm-none-eabi/bin/../lib/gcc/arm-none-eabi/4.9.3/../../../../arm-none-eabi/lib/thumb\libc.a(lib_a-__call_atexit.o)
 .bss           0x00000000        0x0 c:/gcc-arm-none-eabi/bin/../lib/gcc/arm-none-eabi/4.9.3/../../../../arm-none-eabi/lib/thumb\libc.a(lib_a-__call_atexit.o)
 .text.__call_exitprocs
                0x00000000      0x100 c:/gcc-arm-none-eabi/bin/../lib/gcc/arm-none-eabi/4.9.3/../../../../arm-none-eabi/lib/thumb\libc.a(lib_a-__call_atexit.o)
 .bss._global_atexit
                0x00000000        0x4 c:/gcc-arm-none-eabi/bin/../lib/gcc/arm-none-eabi/4.9.3/../../../../arm-none-eabi/lib/thumb\libc.a(lib_a-__call_atexit.o)
 .debug_info    0x00000000      0x208 c:/gcc-arm-none-eabi/bin/../lib/gcc/arm-none-eabi/4.9.3/../../../../arm-none-eabi/lib/thumb\libc.a(lib_a-__call_atexit.o)
 .debug_abbrev  0x00000000      0x146 c:/gcc-arm-none-eabi/bin/../lib/gcc/arm-none-eabi/4.9.3/../../../../arm-none-eabi/lib/thumb\libc.a(lib_a-__call_atexit.o)
 .debug_loc     0x00000000      0x191 c:/gcc-arm-none-eabi/bin/../lib/gcc/arm-none-eabi/4.9.3/../../../../arm-none-eabi/lib/thumb\libc.a(lib_a-__call_atexit.o)
 .debug_aranges
                0x00000000       0x20 c:/gcc-arm-none-eabi/bin/../lib/gcc/arm-none-eabi/4.9.3/../../../../arm-none-eabi/lib/thumb\libc.a(lib_a-__call_atexit.o)
 .debug_ranges  0x00000000       0x48 c:/gcc-arm-none-eabi/bin/../lib/gcc/arm-none-eabi/4.9.3/../../../../arm-none-eabi/lib/thumb\libc.a(lib_a-__call_atexit.o)
 .debug_line    0x00000000      0x120 c:/gcc-arm-none-eabi/bin/../lib/gcc/arm-none-eabi/4.9.3/../../../../arm-none-eabi/lib/thumb\libc.a(lib_a-__call_atexit.o)
 .debug_str     0x00000000      0x1fb c:/gcc-arm-none-eabi/bin/../lib/gcc/arm-none-eabi/4.9.3/../../../../arm-none-eabi/lib/thumb\libc.a(lib_a-__call_atexit.o)
 .comment       0x00000000       0x6b c:/gcc-arm-none-eabi/bin/../lib/gcc/arm-none-eabi/4.9.3/../../../../arm-none-eabi/lib/thumb\libc.a(lib_a-__call_atexit.o)
 .debug_frame   0x00000000       0x3c c:/gcc-arm-none-eabi/bin/../lib/gcc/arm-none-eabi/4.9.3/../../../../arm-none-eabi/lib/thumb\libc.a(lib_a-__call_atexit.o)
 .ARM.attributes
                0x00000000       0x30 c:/gcc-arm-none-eabi/bin/../lib/gcc/arm-none-eabi/4.9.3/../../../../arm-none-eabi/lib/thumb\libc.a(lib_a-__call_atexit.o)
 .text          0x00000000        0x0 c:/gcc-arm-none-eabi/bin/../lib/gcc/arm-none-eabi/4.9.3/thumb/crtend.o
 .data          0x00000000        0x0 c:/gcc-arm-none-eabi/bin/../lib/gcc/arm-none-eabi/4.9.3/thumb/crtend.o
 .bss           0x00000000        0x0 c:/gcc-arm-none-eabi/bin/../lib/gcc/arm-none-eabi/4.9.3/thumb/crtend.o
 .eh_frame      0x00000000        0x4 c:/gcc-arm-none-eabi/bin/../lib/gcc/arm-none-eabi/4.9.3/thumb/crtend.o
 .jcr           0x00000000        0x4 c:/gcc-arm-none-eabi/bin/../lib/gcc/arm-none-eabi/4.9.3/thumb/crtend.o
 .comment       0x00000000       0x6b c:/gcc-arm-none-eabi/bin/../lib/gcc/arm-none-eabi/4.9.3/thumb/crtend.o
 .ARM.attributes
                0x00000000       0x30 c:/gcc-arm-none-eabi/bin/../lib/gcc/arm-none-eabi/4.9.3/thumb/crtend.o
 .text          0x00000000        0x0 c:/gcc-arm-none-eabi/bin/../lib/gcc/arm-none-eabi/4.9.3/thumb/crtn.o
 .data          0x00000000        0x0 c:/gcc-arm-none-eabi/bin/../lib/gcc/arm-none-eabi/4.9.3/thumb/crtn.o
 .bss           0x00000000        0x0 c:/gcc-arm-none-eabi/bin/../lib/gcc/arm-none-eabi/4.9.3/thumb/crtn.o
 .init          0x00000000        0x8 c:/gcc-arm-none-eabi/bin/../lib/gcc/arm-none-eabi/4.9.3/thumb/crtn.o
 .fini          0x00000000        0x8 c:/gcc-arm-none-eabi/bin/../lib/gcc/arm-none-eabi/4.9.3/thumb/crtn.o
 .ARM.attributes
                0x00000000       0x16 c:/gcc-arm-none-eabi/bin/../lib/gcc/arm-none-eabi/4.9.3/thumb/crtn.o

Memory Configuration

Name             Origin             Length             Attributes
RAM              0x20000000         0x00010000         xrw
FLASH            0x08000000         0x00020000         xr
FLASHB1          0x00000000         0x00000000         xr
EXTMEMB0         0x00000000         0x00000000         xr
EXTMEMB1         0x00000000         0x00000000         xr
EXTMEMB2         0x00000000         0x00000000         xr
EXTMEMB3         0x00000000         0x00000000         xr
*default*        0x00000000         0xffffffff

Linker script and memory map

LOAD c:/gcc-arm-none-eabi/bin/../lib/gcc/arm-none-eabi/4.9.3/thumb/crti.o
LOAD c:/gcc-arm-none-eabi/bin/../lib/gcc/arm-none-eabi/4.9.3/thumb/crtbegin.o
LOAD c:/gcc-arm-none-eabi/bin/../lib/gcc/arm-none-eabi/4.9.3/../../../../arm-none-eabi/lib/thumb/crt0.o
LOAD Src/main.o
LOAD Src/stm32f10x_it.o
LOAD Src/Stm32l_level.o
LOAD Src/Lcd3310.o
LOAD Src/StringsConv.o
LOAD STLibrary/src/stm32f10x_vector.o
START GROUP
LOAD c:/gcc-arm-none-eabi/bin/../lib/gcc/arm-none-eabi/4.9.3/thumb\libgcc.a
LOAD c:/gcc-arm-none-eabi/bin/../lib/gcc/arm-none-eabi/4.9.3/../../../../arm-none-eabi/lib/thumb\libc.a
END GROUP
LOAD c:/gcc-arm-none-eabi/bin/../lib/gcc/arm-none-eabi/4.9.3/thumb/crtend.o
LOAD c:/gcc-arm-none-eabi/bin/../lib/gcc/arm-none-eabi/4.9.3/thumb/crtn.o
                0x00000400                __Stack_Size = 0x400
                0x00000400                PROVIDE (_Stack_Size, __Stack_Size)
                0x2000fc00                __Stack_Init = (_estack - __Stack_Size)
                0x2000fc00                PROVIDE (_Stack_Init, __Stack_Init)
                0x00000400                _Minimum_Stack_Size = 0x400
                0x00000000                PROVIDE (Undefined_Handler, 0x0)
                0x00000000                PROVIDE (SWI_Handler, 0x0)
                0x00000000                PROVIDE (IRQ_Handler, 0x0)
                0x00000000                PROVIDE (Prefetch_Handler, 0x0)
                0x00000000                PROVIDE (Abort_Handler, 0x0)
                0x00000000                PROVIDE (FIQ_Handler, 0x0)
                0x00000000                PROVIDE (NMIException, 0x0)
                0x00000000                PROVIDE (HardFaultException, 0x0)
                0x00000000                PROVIDE (MemManageException, 0x0)
                0x00000000                PROVIDE (BusFaultException, 0x0)
                0x00000000                PROVIDE (UsageFaultException, 0x0)
                0x00000000                PROVIDE (SVCHandler, 0x0)
                0x00000000                PROVIDE (DebugMonitor, 0x0)
                0x00000000                PROVIDE (PendSVC, 0x0)
                0x00000000                PROVIDE (SysTickHandler, 0x0)
                0x00000000                PROVIDE (WWDG_IRQHandler, 0x0)
                0x00000000                PROVIDE (PVD_IRQHandler, 0x0)
                0x00000000                PROVIDE (TAMPER_IRQHandler, 0x0)
                0x00000000                PROVIDE (RTC_IRQHandler, 0x0)
                0x00000000                PROVIDE (FLASH_IRQHandler, 0x0)
                0x00000000                PROVIDE (RCC_IRQHandler, 0x0)
                0x00000000                PROVIDE (EXTI0_IRQHandler, 0x0)
                0x00000000                PROVIDE (EXTI1_IRQHandler, 0x0)
                0x00000000                PROVIDE (EXTI2_IRQHandler, 0x0)
                0x00000000                PROVIDE (EXTI3_IRQHandler, 0x0)
                0x00000000                PROVIDE (EXTI4_IRQHandler, 0x0)
                0x00000000                PROVIDE (DMAChannel1_IRQHandler, 0x0)
                0x00000000                PROVIDE (DMAChannel2_IRQHandler, 0x0)
                0x00000000                PROVIDE (DMAChannel3_IRQHandler, 0x0)
                0x00000000                PROVIDE (DMAChannel4_IRQHandler, 0x0)
                0x00000000                PROVIDE (DMAChannel5_IRQHandler, 0x0)
                0x00000000                PROVIDE (DMAChannel6_IRQHandler, 0x0)
                0x00000000                PROVIDE (DMAChannel7_IRQHandler, 0x0)
                0x00000000                PROVIDE (ADC_IRQHandler, 0x0)
                0x00000000                PROVIDE (USB_HP_CAN_TX_IRQHandler, 0x0)
                0x00000000                PROVIDE (USB_LP_CAN_RX0_IRQHandler, 0x0)
                0x00000000                PROVIDE (CAN_RX1_IRQHandler, 0x0)
                0x00000000                PROVIDE (CAN_SCE_IRQHandler, 0x0)
                0x00000000                PROVIDE (EXTI9_5_IRQHandler, 0x0)
                0x00000000                PROVIDE (TIM1_BRK_IRQHandler, 0x0)
                0x00000000                PROVIDE (TIM1_UP_IRQHandler, 0x0)
                0x00000000                PROVIDE (TIM1_TRG_COM_IRQHandler, 0x0)
                0x00000000                PROVIDE (TIM1_CC_IRQHandler, 0x0)
                0x00000000                PROVIDE (TIM2_IRQHandler, 0x0)
                0x00000000                PROVIDE (TIM3_IRQHandler, 0x0)
                0x00000000                PROVIDE (TIM4_IRQHandler, 0x0)
                0x00000000                PROVIDE (I2C1_EV_IRQHandler, 0x0)
                0x00000000                PROVIDE (I2C1_ER_IRQHandler, 0x0)
                0x00000000                PROVIDE (I2C2_EV_IRQHandler, 0x0)
                0x00000000                PROVIDE (I2C2_ER_IRQHandler, 0x0)
                0x00000000                PROVIDE (SPI1_IRQHandler, 0x0)
                0x00000000                PROVIDE (SPI2_IRQHandler, 0x0)
                0x00000000                PROVIDE (USART1_IRQHandler, 0x0)
                0x00000000                PROVIDE (USART2_IRQHandler, 0x0)
                0x00000000                PROVIDE (USART3_IRQHandler, 0x0)
                0x00000000                PROVIDE (EXTI15_10_IRQHandler, 0x0)
                0x00000000                PROVIDE (RTCAlarm_IRQHandler, 0x0)
                0x00000000                PROVIDE (USBWakeUp_IRQHandler, 0x0)
                0x42000000                PERIPH_BB_BASE = 0x42000000
                0x22000000                SRAM_BB_BASE = 0x22000000
                0x20000000                SRAM_BASE = 0x20000000
                0x40000000                PERIPH_BASE = 0x40000000
                0x40022000                PROVIDE (FLASH_BASE, 0x40022000)
                0x1ffff800                PROVIDE (OB_BASE, 0x1ffff800)
                0x40000000                APB1PERIPH_BASE = PERIPH_BASE
                0x40010000                APB2PERIPH_BASE = (PERIPH_BASE + 0x10000)
                0x40020000                AHBPERIPH_BASE = (PERIPH_BASE + 0x20000)
                0x40000000                PROVIDE (TIM2, (APB1PERIPH_BASE + 0x0))
                0x40000400                PROVIDE (TIM3, (APB1PERIPH_BASE + 0x400))
                0x40000800                PROVIDE (TIM4, (APB1PERIPH_BASE + 0x800))
                0x40002800                PROVIDE (RTC, (APB1PERIPH_BASE + 0x2800))
                0x40002c00                PROVIDE (WWDG, (APB1PERIPH_BASE + 0x2c00))
                0x40003000                PROVIDE (IWDG, (APB1PERIPH_BASE + 0x3000))
                0x40003800                PROVIDE (SPI2, (APB1PERIPH_BASE + 0x3800))
                0x40004400                PROVIDE (USART2, (APB1PERIPH_BASE + 0x4400))
                0x40004800                PROVIDE (USART3, (APB1PERIPH_BASE + 0x4800))
                0x40005400                PROVIDE (I2C1, (APB1PERIPH_BASE + 0x5400))
                0x40005800                PROVIDE (I2C2, (APB1PERIPH_BASE + 0x5800))
                0x40006400                PROVIDE (CAN, (APB1PERIPH_BASE + 0x6400))
                0x40006c00                PROVIDE (BKP, (APB1PERIPH_BASE + 0x6c00))
                0x40007000                PROVIDE (PWR, (APB1PERIPH_BASE + 0x7000))
                0x40010000                PROVIDE (AFIO, (APB2PERIPH_BASE + 0x0))
                0x40010400                PROVIDE (EXTI, (APB2PERIPH_BASE + 0x400))
                0x40010800                PROVIDE (GPIOA, (APB2PERIPH_BASE + 0x800))
                0x40010c00                PROVIDE (GPIOB, (APB2PERIPH_BASE + 0xc00))
                0x40011000                PROVIDE (GPIOC, (APB2PERIPH_BASE + 0x1000))
                0x40011400                PROVIDE (GPIOD, (APB2PERIPH_BASE + 0x1400))
                0x40011800                PROVIDE (GPIOE, (APB2PERIPH_BASE + 0x1800))
                0x40012400                PROVIDE (ADC1, (APB2PERIPH_BASE + 0x2400))
                0x40012800                PROVIDE (ADC2, (APB2PERIPH_BASE + 0x2800))
                0x40012c00                PROVIDE (TIM1, (APB2PERIPH_BASE + 0x2c00))
                0x40013000                PROVIDE (SPI1, (APB2PERIPH_BASE + 0x3000))
                0x40013800                PROVIDE (USART1, (APB2PERIPH_BASE + 0x3800))
                0x40020000                PROVIDE (DMA, (AHBPERIPH_BASE + 0x0))
                0x40020008                PROVIDE (DMA_Channel1, (AHBPERIPH_BASE + 0x8))
                0x4002001c                PROVIDE (DMA_Channel2, (AHBPERIPH_BASE + 0x1c))
                0x40020030                PROVIDE (DMA_Channel3, (AHBPERIPH_BASE + 0x30))
                0x40020044                PROVIDE (DMA_Channel4, (AHBPERIPH_BASE + 0x44))
                0x40020058                PROVIDE (DMA_Channel5, (AHBPERIPH_BASE + 0x58))
                0x4002006c                PROVIDE (DMA_Channel6, (AHBPERIPH_BASE + 0x6c))
                0x40020080                PROVIDE (DMA_Channel7, (AHBPERIPH_BASE + 0x80))
                0x40021000                PROVIDE (RCC, (AHBPERIPH_BASE + 0x1000))
                0xe000e000                SCS_BASE = 0xe000e000
                0xe000e010                PROVIDE (SysTick, (SCS_BASE + 0x10))
                0xe000e100                PROVIDE (NVIC, (SCS_BASE + 0x100))
                0xe000ed00                PROVIDE (SCB, (SCS_BASE + 0xd00))
                0x20010000                _estack = 0x20010000

.isr_vector     0x08000000      0x10c
                0x08000000                . = ALIGN (0x4)
 *(.isr_vector)
 .isr_vector    0x08000000      0x10c STLibrary/src/stm32f10x_vector.o
                0x08000000                g_pfnVectors
                0x0800010c                . = ALIGN (0x4)

.flashtext      0x0800010c        0x0
                0x0800010c                . = ALIGN (0x4)
 *(.flashtext)
                0x0800010c                . = ALIGN (0x4)

.text           0x0800010c     0x1c44
                0x0800010c                . = ALIGN (0x4)
 *(.text)
 .text          0x0800010c       0xd8 Src/main.o
                0x0800010c                main
 .text          0x080001e4      0x260 Src/stm32f10x_it.o
                0x080001e4                NMIException
                0x080001f0                HardFaultException
                0x080001f8                MemManageException
                0x08000200                BusFaultException
                0x08000208                UsageFaultException
                0x08000210                DebugMonitor
                0x0800021c                SVCHandler
                0x08000228                PendSVC
                0x08000234                SysTickHandler
                0x08000240                WWDG_IRQHandler
                0x0800024c                PVD_IRQHandler
                0x08000258                TAMPER_IRQHandler
                0x08000264                RTC_IRQHandler
                0x08000270                FLASH_IRQHandler
                0x0800027c                RCC_IRQHandler
                0x08000288                EXTI0_IRQHandler
                0x08000294                EXTI1_IRQHandler
                0x080002a0                EXTI2_IRQHandler
                0x080002ac                EXTI3_IRQHandler
                0x080002b8                EXTI4_IRQHandler
                0x080002c4                DMAChannel1_IRQHandler
                0x080002d0                DMAChannel2_IRQHandler
                0x080002dc                DMAChannel3_IRQHandler
                0x080002e8                DMAChannel4_IRQHandler
                0x080002f4                DMAChannel5_IRQHandler
                0x08000300                DMAChannel6_IRQHandler
                0x0800030c                DMAChannel7_IRQHandler
                0x08000318                ADC_IRQHandler
                0x08000324                USB_HP_CAN_TX_IRQHandler
                0x08000330                USB_LP_CAN_RX0_IRQHandler
                0x0800033c                CAN_RX1_IRQHandler
                0x08000348                CAN_SCE_IRQHandler
                0x08000354                EXTI9_5_IRQHandler
                0x08000360                TIM1_BRK_IRQHandler
                0x0800036c                TIM1_UP_IRQHandler
                0x08000378                TIM1_TRG_COM_IRQHandler
                0x08000384                TIM1_CC_IRQHandler
                0x08000390                TIM2_IRQHandler
                0x0800039c                TIM3_IRQHandler
                0x080003a8                TIM4_IRQHandler
                0x080003b4                I2C1_EV_IRQHandler
                0x080003c0                I2C1_ER_IRQHandler
                0x080003cc                I2C2_EV_IRQHandler
                0x080003d8                I2C2_ER_IRQHandler
                0x080003e4                SPI1_IRQHandler
                0x080003f0                SPI2_IRQHandler
                0x080003fc                USART1_IRQHandler
                0x08000408                USART2_IRQHandler
                0x08000414                USART3_IRQHandler
                0x08000420                EXTI15_10_IRQHandler
                0x0800042c                RTCAlarm_IRQHandler
                0x08000438                USBWakeUp_IRQHandler
 .text          0x08000444      0x260 Src/Stm32l_level.o
                0x08000444                Low_Level_Initialize
                0x08000454                Rccu_Configure
                0x080004f8                Clean_All_Rcc_Register
                0x08000554                Enable_External_Clock
                0x080005ac                Gpio_Configure
                0x080005fc                Led_1
                0x0800062c                Led_2
                0x0800065c                Read_Tamp_Button
                0x08000680                Read_Wkup_Button
 .text          0x080006a4      0x44c Src/Lcd3310.o
                0x080006a4                Delay
                0x080006e0                SetBit
                0x080006fc                ClrBit
                0x08000718                WriteSPI
                0x0800077c                LCD_WriteData
                0x080007ac                LCD_WriteCmd
                0x080007dc                LCD_GotoXY
                0x08000824                LCD_Clear
                0x08000890                LCD_Init
                0x0800098c                LCD_update
                0x080009f4                LCD_WriteChar
 .text          0x08000af0      0x6d0 Src/StringsConv.o
                0x08000af0                Convert_2_String
                0x08000c90                Convert_Float_2_Two_Int_Value
                0x08000cf4                _Sprint_f
                0x08000d9c                Convert_Int_2_String
                0x08000efc                String_Width
                0x08000f28                Dec_2_Hex
                0x08001018                Connect_2String_With_Value
 .text          0x080011c0       0x6c STLibrary/src/stm32f10x_vector.o
                0x080011c0                Reset_Handler
 .text          0x0800122c      0x2ac c:/gcc-arm-none-eabi/bin/../lib/gcc/arm-none-eabi/4.9.3/thumb\libgcc.a(_arm_addsubsf3.o)
                0x0800122c                __aeabi_frsub
                0x08001234                __subsf3
                0x08001234                __aeabi_fsub
                0x08001238                __aeabi_fadd
                0x08001238                __addsf3
                0x080013f4                __aeabi_ui2f
                0x080013f4                __floatunsisf
                0x080013fc                __aeabi_i2f
                0x080013fc                __floatsisf
                0x0800141c                __aeabi_ul2f
                0x0800141c                __floatundisf
                0x0800142c                __aeabi_l2f
                0x0800142c                __floatdisf
 .text          0x080014d8      0x2f8 c:/gcc-arm-none-eabi/bin/../lib/gcc/arm-none-eabi/4.9.3/thumb\libgcc.a(_arm_muldivsf3.o)
                0x080014d8                __mulsf3
                0x080014d8                __aeabi_fmul
                0x08001670                __aeabi_fdiv
                0x08001670                __divsf3
 .text          0x080017d0       0x54 c:/gcc-arm-none-eabi/bin/../lib/gcc/arm-none-eabi/4.9.3/thumb\libgcc.a(_arm_fixunssfsi.o)
                0x080017d0                __fixunssfsi
                0x080017d0                __aeabi_f2uiz
 *(.text.*)
 *(.rodata)
 .rodata        0x08001824        0x4 Src/main.o
 .rodata        0x08001828      0x528 Src/Lcd3310.o
 *(.rodata*)
 *(.glue_7)
 .glue_7        0x08001d50        0x0 linker stubs
 *(.glue_7t)
 .glue_7t       0x08001d50        0x0 linker stubs
                0x08001d50                . = ALIGN (0x4)
                0x08001d50                _etext = .
                0x08001d50                _sidata = _etext

.vfp11_veneer   0x08001d50        0x0
 .vfp11_veneer  0x08001d50        0x0 linker stubs

.v4_bx          0x08001d50        0x0
 .v4_bx         0x08001d50        0x0 linker stubs

.iplt           0x08001d50        0x0
 .iplt          0x08001d50        0x0 c:/gcc-arm-none-eabi/bin/../lib/gcc/arm-none-eabi/4.9.3/thumb/crtbegin.o

.rel.dyn        0x08001d50        0x0
 .rel.iplt      0x08001d50        0x0 c:/gcc-arm-none-eabi/bin/../lib/gcc/arm-none-eabi/4.9.3/thumb/crtbegin.o

.data           0x20000000        0x0 load address 0x08001d50
                0x20000000                . = ALIGN (0x4)
                0x20000000                _sdata = .
 *(.data)
 *(.data.*)
                0x20000000                . = ALIGN (0x4)
                0x20000000                _edata = .

.igot.plt       0x20000000        0x0
 .igot.plt      0x20000000        0x0 c:/gcc-arm-none-eabi/bin/../lib/gcc/arm-none-eabi/4.9.3/thumb/crtbegin.o

.bss            0x20000000      0x2d4
                0x20000000                . = ALIGN (0x4)
                0x20000000                _sbss = .
 *(.bss)
 .bss           0x20000000        0x2 Src/Lcd3310.o
                0x20000000                cursor_row
                0x20000001                cursor_col
 *(COMMON)
 *fill*         0x20000002        0x2 
 COMMON         0x20000004      0x2a0 Src/Lcd3310.o
                0x20000004                lcd_buffer
 COMMON         0x200002a4       0x30 Src/StringsConv.o
                0x200002a4                str_tab
                0x200002d4                . = ALIGN (0x4)
                0x200002d4                _ebss = .
                0x200002d4                PROVIDE (end, _ebss)
                0x200002d4                PROVIDE (_end, _ebss)

._usrstack      0x200002d4      0x400
                0x200002d4                . = ALIGN (0x4)
                0x200002d4                _susrstack = .
                0x200006d4                . = (. + _Minimum_Stack_Size)
 *fill*         0x200002d4      0x400 
                0x200006d4                . = ALIGN (0x4)
                0x200006d4                _eusrstack = .

.b1text
 *(.b1text)
 *(.b1rodata)
 *(.b1rodata*)

.eb0text
 *(.eb0text)
 *(.eb0rodata)
 *(.eb0rodata*)

.eb1text
 *(.eb1text)
 *(.eb1rodata)
 *(.eb1rodata*)

.eb2text
 *(.eb2text)
 *(.eb2rodata)
 *(.eb2rodata*)

.eb3text
 *(.eb3text)
 *(.eb3rodata)
 *(.eb3rodata*)
                0x200006d4                __exidx_start = .
                0x200006d4                __exidx_end = .

/DISCARD/
 libc.a(*)
 libm.a(*)
 libgcc.a(*)

.stab
 *(.stab)

.stabstr
 *(.stabstr)

.stab.excl
 *(.stab.excl)

.stab.exclstr
 *(.stab.exclstr)

.stab.index
 *(.stab.index)

.stab.indexstr
 *(.stab.indexstr)

.comment        0x00000000       0x6a
 *(.comment)
 .comment       0x00000000       0x6a Src/main.o
                                 0x6b (size before relaxing)
 .comment       0x0000006a       0x6b Src/stm32f10x_it.o
 .comment       0x0000006a       0x6b Src/Stm32l_level.o
 .comment       0x0000006a       0x6b Src/Lcd3310.o
 .comment       0x0000006a       0x6b Src/StringsConv.o
 .comment       0x0000006a       0x6b STLibrary/src/stm32f10x_vector.o

.ARM.attributes
                0x00000000       0x31
 .ARM.attributes
                0x00000000       0x33 Src/main.o
 .ARM.attributes
                0x00000033       0x33 Src/stm32f10x_it.o
 .ARM.attributes
                0x00000066       0x33 Src/Stm32l_level.o
 .ARM.attributes
                0x00000099       0x33 Src/Lcd3310.o
 .ARM.attributes
                0x000000cc       0x33 Src/StringsConv.o
 .ARM.attributes
                0x000000ff       0x33 STLibrary/src/stm32f10x_vector.o
 .ARM.attributes
                0x00000132       0x18 c:/gcc-arm-none-eabi/bin/../lib/gcc/arm-none-eabi/4.9.3/thumb\libgcc.a(_arm_addsubsf3.o)
 .ARM.attributes
                0x0000014a       0x18 c:/gcc-arm-none-eabi/bin/../lib/gcc/arm-none-eabi/4.9.3/thumb\libgcc.a(_arm_muldivsf3.o)
 .ARM.attributes
                0x00000162       0x18 c:/gcc-arm-none-eabi/bin/../lib/gcc/arm-none-eabi/4.9.3/thumb\libgcc.a(_arm_fixunssfsi.o)

.debug
 *(.debug)

.line
 *(.line)

.debug_srcinfo
 *(.debug_srcinfo)

.debug_sfnames
 *(.debug_sfnames)

.debug_aranges  0x00000000      0x120
 *(.debug_aranges)
 .debug_aranges
                0x00000000       0x20 Src/main.o
 .debug_aranges
                0x00000020       0x20 Src/stm32f10x_it.o
 .debug_aranges
                0x00000040       0x20 Src/Stm32l_level.o
 .debug_aranges
                0x00000060       0x20 Src/Lcd3310.o
 .debug_aranges
                0x00000080       0x20 Src/StringsConv.o
 .debug_aranges
                0x000000a0       0x20 STLibrary/src/stm32f10x_vector.o
 .debug_aranges
                0x000000c0       0x20 c:/gcc-arm-none-eabi/bin/../lib/gcc/arm-none-eabi/4.9.3/thumb\libgcc.a(_arm_addsubsf3.o)
 .debug_aranges
                0x000000e0       0x20 c:/gcc-arm-none-eabi/bin/../lib/gcc/arm-none-eabi/4.9.3/thumb\libgcc.a(_arm_muldivsf3.o)
 .debug_aranges
                0x00000100       0x20 c:/gcc-arm-none-eabi/bin/../lib/gcc/arm-none-eabi/4.9.3/thumb\libgcc.a(_arm_fixunssfsi.o)

.debug_pubnames
 *(.debug_pubnames)

.debug_info     0x00000000     0x12f4
 *(.debug_info .gnu.linkonce.wi.*)
 .debug_info    0x00000000       0xc7 Src/main.o
 .debug_info    0x000000c7      0x3ec Src/stm32f10x_it.o
 .debug_info    0x000004b3      0x326 Src/Stm32l_level.o
 .debug_info    0x000007d9      0x41b Src/Lcd3310.o
 .debug_info    0x00000bf4      0x3bf Src/StringsConv.o
 .debug_info    0x00000fb3       0xd7 STLibrary/src/stm32f10x_vector.o
 .debug_info    0x0000108a       0xce c:/gcc-arm-none-eabi/bin/../lib/gcc/arm-none-eabi/4.9.3/thumb\libgcc.a(_arm_addsubsf3.o)
 .debug_info    0x00001158       0xce c:/gcc-arm-none-eabi/bin/../lib/gcc/arm-none-eabi/4.9.3/thumb\libgcc.a(_arm_muldivsf3.o)
 .debug_info    0x00001226       0xce c:/gcc-arm-none-eabi/bin/../lib/gcc/arm-none-eabi/4.9.3/thumb\libgcc.a(_arm_fixunssfsi.o)

.debug_abbrev   0x00000000      0x58d
 *(.debug_abbrev)
 .debug_abbrev  0x00000000       0x74 Src/main.o
 .debug_abbrev  0x00000074       0x4f Src/stm32f10x_it.o
 .debug_abbrev  0x000000c3      0x16d Src/Stm32l_level.o
 .debug_abbrev  0x00000230      0x135 Src/Lcd3310.o
 .debug_abbrev  0x00000365      0x14a Src/StringsConv.o
 .debug_abbrev  0x000004af       0xa2 STLibrary/src/stm32f10x_vector.o
 .debug_abbrev  0x00000551       0x14 c:/gcc-arm-none-eabi/bin/../lib/gcc/arm-none-eabi/4.9.3/thumb\libgcc.a(_arm_addsubsf3.o)
 .debug_abbrev  0x00000565       0x14 c:/gcc-arm-none-eabi/bin/../lib/gcc/arm-none-eabi/4.9.3/thumb\libgcc.a(_arm_muldivsf3.o)
 .debug_abbrev  0x00000579       0x14 c:/gcc-arm-none-eabi/bin/../lib/gcc/arm-none-eabi/4.9.3/thumb\libgcc.a(_arm_fixunssfsi.o)

.debug_line     0x00000000      0x905
 *(.debug_line)
 .debug_line    0x00000000       0x67 Src/main.o
 .debug_line    0x00000067      0x11f Src/stm32f10x_it.o
 .debug_line    0x00000186       0xf5 Src/Stm32l_level.o
 .debug_line    0x0000027b      0x178 Src/Lcd3310.o
 .debug_line    0x000003f3      0x1af Src/StringsConv.o
 .debug_line    0x000005a2       0x62 STLibrary/src/stm32f10x_vector.o
 .debug_line    0x00000604      0x132 c:/gcc-arm-none-eabi/bin/../lib/gcc/arm-none-eabi/4.9.3/thumb\libgcc.a(_arm_addsubsf3.o)
 .debug_line    0x00000736      0x13e c:/gcc-arm-none-eabi/bin/../lib/gcc/arm-none-eabi/4.9.3/thumb\libgcc.a(_arm_muldivsf3.o)
 .debug_line    0x00000874       0x91 c:/gcc-arm-none-eabi/bin/../lib/gcc/arm-none-eabi/4.9.3/thumb\libgcc.a(_arm_fixunssfsi.o)

.debug_frame    0x00000000      0xaec
 *(.debug_frame)
 .debug_frame   0x00000000       0x30 Src/main.o
 .debug_frame   0x00000030      0x670 Src/stm32f10x_it.o
 .debug_frame   0x000006a0      0x148 Src/Stm32l_level.o
 .debug_frame   0x000007e8      0x1a8 Src/Lcd3310.o
 .debug_frame   0x00000990      0x11c Src/StringsConv.o
 .debug_frame   0x00000aac       0x40 STLibrary/src/stm32f10x_vector.o

.debug_str      0x00000000      0x873
 *(.debug_str)
 .debug_str     0x00000000       0xe3 Src/main.o
                                0x101 (size before relaxing)
 .debug_str     0x000000e3      0x3ce Src/stm32f10x_it.o
                                0x496 (size before relaxing)
 .debug_str     0x000004b1      0x140 Src/Stm32l_level.o
                                0x21a (size before relaxing)
 .debug_str     0x000005f1       0xb2 Src/Lcd3310.o
                                0x1df (size before relaxing)
 .debug_str     0x000006a3      0x15b Src/StringsConv.o
                                0x223 (size before relaxing)
 .debug_str     0x000007fe       0x75 STLibrary/src/stm32f10x_vector.o
                                 0xfd (size before relaxing)

.debug_loc
 *(.debug_loc)

.debug_macinfo
 *(.debug_macinfo)

.debug_weaknames
 *(.debug_weaknames)

.debug_funcnames
 *(.debug_funcnames)

.debug_typenames
 *(.debug_typenames)

.debug_varnames
 *(.debug_varnames)
OUTPUT(Output/Kamami_Stm32_blinky.elf elf32-littlearm)

Cross Reference Table

Symbol                                            File
ADC_IRQHandler                                    Src/stm32f10x_it.o
                                                  STLibrary/src/stm32f10x_vector.o
BusFaultException                                 Src/stm32f10x_it.o
                                                  STLibrary/src/stm32f10x_vector.o
CAN_RX1_IRQHandler                                Src/stm32f10x_it.o
                                                  STLibrary/src/stm32f10x_vector.o
CAN_SCE_IRQHandler                                Src/stm32f10x_it.o
                                                  STLibrary/src/stm32f10x_vector.o
Clean_All_Rcc_Register                            Src/Stm32l_level.o
ClrBit                                            Src/Lcd3310.o
Connect_2String_With_Value                        Src/StringsConv.o
                                                  Src/main.o
Convert_2_String                                  Src/StringsConv.o
Convert_Float_2_Two_Int_Value                     Src/StringsConv.o
Convert_Int_2_String                              Src/StringsConv.o
DMAChannel1_IRQHandler                            Src/stm32f10x_it.o
                                                  STLibrary/src/stm32f10x_vector.o
DMAChannel2_IRQHandler                            Src/stm32f10x_it.o
                                                  STLibrary/src/stm32f10x_vector.o
DMAChannel3_IRQHandler                            Src/stm32f10x_it.o
                                                  STLibrary/src/stm32f10x_vector.o
DMAChannel4_IRQHandler                            Src/stm32f10x_it.o
                                                  STLibrary/src/stm32f10x_vector.o
DMAChannel5_IRQHandler                            Src/stm32f10x_it.o
                                                  STLibrary/src/stm32f10x_vector.o
DMAChannel6_IRQHandler                            Src/stm32f10x_it.o
                                                  STLibrary/src/stm32f10x_vector.o
DMAChannel7_IRQHandler                            Src/stm32f10x_it.o
                                                  STLibrary/src/stm32f10x_vector.o
DebugMonitor                                      Src/stm32f10x_it.o
                                                  STLibrary/src/stm32f10x_vector.o
Dec_2_Hex                                         Src/StringsConv.o
Delay                                             Src/Lcd3310.o
EXTI0_IRQHandler                                  Src/stm32f10x_it.o
                                                  STLibrary/src/stm32f10x_vector.o
EXTI15_10_IRQHandler                              Src/stm32f10x_it.o
                                                  STLibrary/src/stm32f10x_vector.o
EXTI1_IRQHandler                                  Src/stm32f10x_it.o
                                                  STLibrary/src/stm32f10x_vector.o
EXTI2_IRQHandler                                  Src/stm32f10x_it.o
                                                  STLibrary/src/stm32f10x_vector.o
EXTI3_IRQHandler                                  Src/stm32f10x_it.o
                                                  STLibrary/src/stm32f10x_vector.o
EXTI4_IRQHandler                                  Src/stm32f10x_it.o
                                                  STLibrary/src/stm32f10x_vector.o
EXTI9_5_IRQHandler                                Src/stm32f10x_it.o
                                                  STLibrary/src/stm32f10x_vector.o
Enable_External_Clock                             Src/Stm32l_level.o
FLASH_IRQHandler                                  Src/stm32f10x_it.o
                                                  STLibrary/src/stm32f10x_vector.o
Gpio_Configure                                    Src/Stm32l_level.o
HardFaultException                                Src/stm32f10x_it.o
                                                  STLibrary/src/stm32f10x_vector.o
I2C1_ER_IRQHandler                                Src/stm32f10x_it.o
                                                  STLibrary/src/stm32f10x_vector.o
I2C1_EV_IRQHandler                                Src/stm32f10x_it.o
                                                  STLibrary/src/stm32f10x_vector.o
I2C2_ER_IRQHandler                                Src/stm32f10x_it.o
                                                  STLibrary/src/stm32f10x_vector.o
I2C2_EV_IRQHandler                                Src/stm32f10x_it.o
                                                  STLibrary/src/stm32f10x_vector.o
LCD_Clear                                         Src/Lcd3310.o
                                                  Src/main.o
LCD_GotoXY                                        Src/Lcd3310.o
LCD_Init                                          Src/Lcd3310.o
                                                  Src/main.o
LCD_WriteChar                                     Src/Lcd3310.o
                                                  Src/main.o
LCD_WriteCmd                                      Src/Lcd3310.o
LCD_WriteData                                     Src/Lcd3310.o
LCD_update                                        Src/Lcd3310.o
Led_1                                             Src/Stm32l_level.o
                                                  Src/main.o
Led_2                                             Src/Stm32l_level.o
                                                  Src/main.o
Low_Level_Initialize                              Src/Stm32l_level.o
                                                  Src/main.o
MemManageException                                Src/stm32f10x_it.o
                                                  STLibrary/src/stm32f10x_vector.o
NMIException                                      Src/stm32f10x_it.o
                                                  STLibrary/src/stm32f10x_vector.o
PVD_IRQHandler                                    Src/stm32f10x_it.o
                                                  STLibrary/src/stm32f10x_vector.o
PendSVC                                           Src/stm32f10x_it.o
                                                  STLibrary/src/stm32f10x_vector.o
RCC_IRQHandler                                    Src/stm32f10x_it.o
                                                  STLibrary/src/stm32f10x_vector.o
RTCAlarm_IRQHandler                               Src/stm32f10x_it.o
                                                  STLibrary/src/stm32f10x_vector.o
RTC_IRQHandler                                    Src/stm32f10x_it.o
                                                  STLibrary/src/stm32f10x_vector.o
Rccu_Configure                                    Src/Stm32l_level.o
Read_Tamp_Button                                  Src/Stm32l_level.o
Read_Wkup_Button                                  Src/Stm32l_level.o
Reset_Handler                                     STLibrary/src/stm32f10x_vector.o
SPI1_IRQHandler                                   Src/stm32f10x_it.o
                                                  STLibrary/src/stm32f10x_vector.o
SPI2_IRQHandler                                   Src/stm32f10x_it.o
                                                  STLibrary/src/stm32f10x_vector.o
SVCHandler                                        Src/stm32f10x_it.o
                                                  STLibrary/src/stm32f10x_vector.o
SetBit                                            Src/Lcd3310.o
String_Width                                      Src/StringsConv.o
SysTickHandler                                    Src/stm32f10x_it.o
                                                  STLibrary/src/stm32f10x_vector.o
TAMPER_IRQHandler                                 Src/stm32f10x_it.o
                                                  STLibrary/src/stm32f10x_vector.o
TIM1_BRK_IRQHandler                               Src/stm32f10x_it.o
                                                  STLibrary/src/stm32f10x_vector.o
TIM1_CC_IRQHandler                                Src/stm32f10x_it.o
                                                  STLibrary/src/stm32f10x_vector.o
TIM1_TRG_COM_IRQHandler                           Src/stm32f10x_it.o
                                                  STLibrary/src/stm32f10x_vector.o
TIM1_UP_IRQHandler                                Src/stm32f10x_it.o
                                                  STLibrary/src/stm32f10x_vector.o
TIM2_IRQHandler                                   Src/stm32f10x_it.o
                                                  STLibrary/src/stm32f10x_vector.o
TIM3_IRQHandler                                   Src/stm32f10x_it.o
                                                  STLibrary/src/stm32f10x_vector.o
TIM4_IRQHandler                                   Src/stm32f10x_it.o
                                                  STLibrary/src/stm32f10x_vector.o
USART1_IRQHandler                                 Src/stm32f10x_it.o
                                                  STLibrary/src/stm32f10x_vector.o
USART2_IRQHandler                                 Src/stm32f10x_it.o
                                                  STLibrary/src/stm32f10x_vector.o
USART3_IRQHandler                                 Src/stm32f10x_it.o
                                                  STLibrary/src/stm32f10x_vector.o
USBWakeUp_IRQHandler                              Src/stm32f10x_it.o
                                                  STLibrary/src/stm32f10x_vector.o
USB_HP_CAN_TX_IRQHandler                          Src/stm32f10x_it.o
                                                  STLibrary/src/stm32f10x_vector.o
USB_LP_CAN_RX0_IRQHandler                         Src/stm32f10x_it.o
                                                  STLibrary/src/stm32f10x_vector.o
UsageFaultException                               Src/stm32f10x_it.o
                                                  STLibrary/src/stm32f10x_vector.o
WWDG_IRQHandler                                   Src/stm32f10x_it.o
                                                  STLibrary/src/stm32f10x_vector.o
WriteSPI                                          Src/Lcd3310.o
_Jv_RegisterClasses                               c:/gcc-arm-none-eabi/bin/../lib/gcc/arm-none-eabi/4.9.3/thumb/crtbegin.o
_Sprint_f                                         Src/StringsConv.o
__addsf3                                          c:/gcc-arm-none-eabi/bin/../lib/gcc/arm-none-eabi/4.9.3/thumb\libgcc.a(_arm_addsubsf3.o)
__aeabi_f2uiz                                     c:/gcc-arm-none-eabi/bin/../lib/gcc/arm-none-eabi/4.9.3/thumb\libgcc.a(_arm_fixunssfsi.o)
                                                  Src/StringsConv.o
__aeabi_fadd                                      c:/gcc-arm-none-eabi/bin/../lib/gcc/arm-none-eabi/4.9.3/thumb\libgcc.a(_arm_addsubsf3.o)
__aeabi_fdiv                                      c:/gcc-arm-none-eabi/bin/../lib/gcc/arm-none-eabi/4.9.3/thumb\libgcc.a(_arm_muldivsf3.o)
__aeabi_fmul                                      c:/gcc-arm-none-eabi/bin/../lib/gcc/arm-none-eabi/4.9.3/thumb\libgcc.a(_arm_muldivsf3.o)
                                                  Src/StringsConv.o
__aeabi_frsub                                     c:/gcc-arm-none-eabi/bin/../lib/gcc/arm-none-eabi/4.9.3/thumb\libgcc.a(_arm_addsubsf3.o)
__aeabi_fsub                                      c:/gcc-arm-none-eabi/bin/../lib/gcc/arm-none-eabi/4.9.3/thumb\libgcc.a(_arm_addsubsf3.o)
                                                  Src/StringsConv.o
__aeabi_i2f                                       c:/gcc-arm-none-eabi/bin/../lib/gcc/arm-none-eabi/4.9.3/thumb\libgcc.a(_arm_addsubsf3.o)
__aeabi_l2f                                       c:/gcc-arm-none-eabi/bin/../lib/gcc/arm-none-eabi/4.9.3/thumb\libgcc.a(_arm_addsubsf3.o)
__aeabi_ui2f                                      c:/gcc-arm-none-eabi/bin/../lib/gcc/arm-none-eabi/4.9.3/thumb\libgcc.a(_arm_addsubsf3.o)
                                                  Src/StringsConv.o
__aeabi_ul2f                                      c:/gcc-arm-none-eabi/bin/../lib/gcc/arm-none-eabi/4.9.3/thumb\libgcc.a(_arm_addsubsf3.o)
__bss_end__                                       c:/gcc-arm-none-eabi/bin/../lib/gcc/arm-none-eabi/4.9.3/../../../../arm-none-eabi/lib/thumb/crt0.o
__bss_start__                                     c:/gcc-arm-none-eabi/bin/../lib/gcc/arm-none-eabi/4.9.3/../../../../arm-none-eabi/lib/thumb/crt0.o
__call_exitprocs                                  c:/gcc-arm-none-eabi/bin/../lib/gcc/arm-none-eabi/4.9.3/../../../../arm-none-eabi/lib/thumb\libc.a(lib_a-__call_atexit.o)
                                                  c:/gcc-arm-none-eabi/bin/../lib/gcc/arm-none-eabi/4.9.3/../../../../arm-none-eabi/lib/thumb\libc.a(lib_a-exit.o)
__change_mode                                     c:/gcc-arm-none-eabi/bin/../lib/gcc/arm-none-eabi/4.9.3/../../../../arm-none-eabi/lib/thumb/crt0.o
__deregister_frame_info                           c:/gcc-arm-none-eabi/bin/../lib/gcc/arm-none-eabi/4.9.3/thumb/crtbegin.o
__divsf3                                          c:/gcc-arm-none-eabi/bin/../lib/gcc/arm-none-eabi/4.9.3/thumb\libgcc.a(_arm_muldivsf3.o)
__dso_handle                                      c:/gcc-arm-none-eabi/bin/../lib/gcc/arm-none-eabi/4.9.3/thumb/crtbegin.o
__fixunssfsi                                      c:/gcc-arm-none-eabi/bin/../lib/gcc/arm-none-eabi/4.9.3/thumb\libgcc.a(_arm_fixunssfsi.o)
__floatdisf                                       c:/gcc-arm-none-eabi/bin/../lib/gcc/arm-none-eabi/4.9.3/thumb\libgcc.a(_arm_addsubsf3.o)
__floatsisf                                       c:/gcc-arm-none-eabi/bin/../lib/gcc/arm-none-eabi/4.9.3/thumb\libgcc.a(_arm_addsubsf3.o)
__floatundisf                                     c:/gcc-arm-none-eabi/bin/../lib/gcc/arm-none-eabi/4.9.3/thumb\libgcc.a(_arm_addsubsf3.o)
__floatunsisf                                     c:/gcc-arm-none-eabi/bin/../lib/gcc/arm-none-eabi/4.9.3/thumb\libgcc.a(_arm_addsubsf3.o)
__init_array_end                                  c:/gcc-arm-none-eabi/bin/../lib/gcc/arm-none-eabi/4.9.3/../../../../arm-none-eabi/lib/thumb\libc.a(lib_a-init.o)
__init_array_start                                c:/gcc-arm-none-eabi/bin/../lib/gcc/arm-none-eabi/4.9.3/../../../../arm-none-eabi/lib/thumb\libc.a(lib_a-init.o)
__libc_fini_array                                 c:/gcc-arm-none-eabi/bin/../lib/gcc/arm-none-eabi/4.9.3/../../../../arm-none-eabi/lib/thumb/crt0.o
__libc_init_array                                 c:/gcc-arm-none-eabi/bin/../lib/gcc/arm-none-eabi/4.9.3/../../../../arm-none-eabi/lib/thumb\libc.a(lib_a-init.o)
                                                  c:/gcc-arm-none-eabi/bin/../lib/gcc/arm-none-eabi/4.9.3/../../../../arm-none-eabi/lib/thumb/crt0.o
__mulsf3                                          c:/gcc-arm-none-eabi/bin/../lib/gcc/arm-none-eabi/4.9.3/thumb\libgcc.a(_arm_muldivsf3.o)
__preinit_array_end                               c:/gcc-arm-none-eabi/bin/../lib/gcc/arm-none-eabi/4.9.3/../../../../arm-none-eabi/lib/thumb\libc.a(lib_a-init.o)
__preinit_array_start                             c:/gcc-arm-none-eabi/bin/../lib/gcc/arm-none-eabi/4.9.3/../../../../arm-none-eabi/lib/thumb\libc.a(lib_a-init.o)
__register_frame_info                             c:/gcc-arm-none-eabi/bin/../lib/gcc/arm-none-eabi/4.9.3/thumb/crtbegin.o
__sf_fake_stderr                                  c:/gcc-arm-none-eabi/bin/../lib/gcc/arm-none-eabi/4.9.3/../../../../arm-none-eabi/lib/thumb\libc.a(lib_a-impure.o)
__sf_fake_stdin                                   c:/gcc-arm-none-eabi/bin/../lib/gcc/arm-none-eabi/4.9.3/../../../../arm-none-eabi/lib/thumb\libc.a(lib_a-impure.o)
__sf_fake_stdout                                  c:/gcc-arm-none-eabi/bin/../lib/gcc/arm-none-eabi/4.9.3/../../../../arm-none-eabi/lib/thumb\libc.a(lib_a-impure.o)
__stack                                           c:/gcc-arm-none-eabi/bin/../lib/gcc/arm-none-eabi/4.9.3/../../../../arm-none-eabi/lib/thumb/crt0.o
__subsf3                                          c:/gcc-arm-none-eabi/bin/../lib/gcc/arm-none-eabi/4.9.3/thumb\libgcc.a(_arm_addsubsf3.o)
_ebss                                             STLibrary/src/stm32f10x_vector.o
_edata                                            STLibrary/src/stm32f10x_vector.o
_estack                                           STLibrary/src/stm32f10x_vector.o
_exit                                             c:/gcc-arm-none-eabi/bin/../lib/gcc/arm-none-eabi/4.9.3/../../../../arm-none-eabi/lib/thumb\libc.a(lib_a-exit.o)
_fini                                             c:/gcc-arm-none-eabi/bin/../lib/gcc/arm-none-eabi/4.9.3/thumb/crti.o
_global_atexit                                    c:/gcc-arm-none-eabi/bin/../lib/gcc/arm-none-eabi/4.9.3/../../../../arm-none-eabi/lib/thumb\libc.a(lib_a-__call_atexit.o)
_global_impure_ptr                                c:/gcc-arm-none-eabi/bin/../lib/gcc/arm-none-eabi/4.9.3/../../../../arm-none-eabi/lib/thumb\libc.a(lib_a-impure.o)
                                                  c:/gcc-arm-none-eabi/bin/../lib/gcc/arm-none-eabi/4.9.3/../../../../arm-none-eabi/lib/thumb\libc.a(lib_a-exit.o)
_impure_ptr                                       c:/gcc-arm-none-eabi/bin/../lib/gcc/arm-none-eabi/4.9.3/../../../../arm-none-eabi/lib/thumb\libc.a(lib_a-impure.o)
_init                                             c:/gcc-arm-none-eabi/bin/../lib/gcc/arm-none-eabi/4.9.3/thumb/crti.o
                                                  c:/gcc-arm-none-eabi/bin/../lib/gcc/arm-none-eabi/4.9.3/../../../../arm-none-eabi/lib/thumb\libc.a(lib_a-init.o)
_mainCRTStartup                                   c:/gcc-arm-none-eabi/bin/../lib/gcc/arm-none-eabi/4.9.3/../../../../arm-none-eabi/lib/thumb/crt0.o
_sbss                                             STLibrary/src/stm32f10x_vector.o
_sdata                                            STLibrary/src/stm32f10x_vector.o
_sidata                                           STLibrary/src/stm32f10x_vector.o
_start                                            c:/gcc-arm-none-eabi/bin/../lib/gcc/arm-none-eabi/4.9.3/../../../../arm-none-eabi/lib/thumb/crt0.o
atexit                                            c:/gcc-arm-none-eabi/bin/../lib/gcc/arm-none-eabi/4.9.3/../../../../arm-none-eabi/lib/thumb/crt0.o
change_back                                       c:/gcc-arm-none-eabi/bin/../lib/gcc/arm-none-eabi/4.9.3/../../../../arm-none-eabi/lib/thumb/crt0.o
cursor_col                                        Src/Lcd3310.o
cursor_row                                        Src/Lcd3310.o
exit                                              c:/gcc-arm-none-eabi/bin/../lib/gcc/arm-none-eabi/4.9.3/../../../../arm-none-eabi/lib/thumb\libc.a(lib_a-exit.o)
                                                  c:/gcc-arm-none-eabi/bin/../lib/gcc/arm-none-eabi/4.9.3/../../../../arm-none-eabi/lib/thumb/crt0.o
g_pfnVectors                                      STLibrary/src/stm32f10x_vector.o
hardware_init_hook                                c:/gcc-arm-none-eabi/bin/../lib/gcc/arm-none-eabi/4.9.3/../../../../arm-none-eabi/lib/thumb/crt0.o
lcd_buffer                                        Src/Lcd3310.o
main                                              Src/main.o
                                                  STLibrary/src/stm32f10x_vector.o
                                                  c:/gcc-arm-none-eabi/bin/../lib/gcc/arm-none-eabi/4.9.3/../../../../arm-none-eabi/lib/thumb/crt0.o
memset                                            c:/gcc-arm-none-eabi/bin/../lib/gcc/arm-none-eabi/4.9.3/../../../../arm-none-eabi/lib/thumb\libc.a(lib_a-memset.o)
                                                  c:/gcc-arm-none-eabi/bin/../lib/gcc/arm-none-eabi/4.9.3/../../../../arm-none-eabi/lib/thumb/crt0.o
software_init_hook                                c:/gcc-arm-none-eabi/bin/../lib/gcc/arm-none-eabi/4.9.3/../../../../arm-none-eabi/lib/thumb/crt0.o
str_tab                                           Src/StringsConv.o
